Ger: 0001 | Modo: MEDIO | Fit Médio:  5248.5 | Tx Vitória Campeão:  0.0% | Estagnação: 00 | Status: Novo Recorde de Adaptação
Ger: 0002 | Modo: MEDIO | Fit Médio:  4187.1 | Tx Vitória Campeão:  0.0% | Estagnação: 01 | Status: Estagnado
Ger: 0003 | Modo: MEDIO | Fit Médio:  4723.5 | Tx Vitória Campeão:  0.0% | Estagnação: 02 | Status: Estagnado
Ger: 0004 | Modo: MEDIO | Fit Médio: 23707.4 | Tx Vitória Campeão: 33.3% | Estagnação: 00 | Status: Novo Recorde de Adaptação
Ger: 0005 | Modo: MEDIO | Fit Médio: 23111.9 | Tx Vitória Campeão: 33.3% | Estagnação: 01 | Status: Estagnado
Ger: 0006 | Modo: MEDIO | Fit Médio: 22206.8 | Tx Vitória Campeão: 33.3% | Estagnação: 02 | Status: Estagnado
Ger: 0007 | Modo: MEDIO | Fit Médio: 43016.5 | Tx Vitória Campeão: 66.7% | Estagnação: 00 | Status: Novo Recorde de Adaptação
Ger: 0008 | Modo: MEDIO | Fit Médio: 23684.0 | Tx Vitória Campeão: 33.3% | Estagnação: 01 | Status: Estagnado
Ger: 0009 | Modo: MEDIO | Fit Médio: 42815.8 | Tx Vitória Campeão: 66.7% | Estagnação: 02 | Status: Estagnado
Ger: 0010 | Modo: MEDIO | Fit Médio: 24517.1 | Tx Vitória Campeão: 33.3% | Estagnação: 03 | Status: Estagnado
Ger: 0011 | Modo: MEDIO | Fit Médio: 42476.5 | Tx Vitória Campeão: 66.7% | Estagnação: 04 | Status: Estagnado
Ger: 0012 | Modo: MEDIO | Fit Médio: 23707.0 | Tx Vitória Campeão: 33.3% | Estagnação: 05 | Status: Estagnado
Ger: 0013 | Modo: MEDIO | Fit Médio: 24423.4 | Tx Vitória Campeão: 33.3% | Estagnação: 06 | Status: Estagnado
Ger: 0014 | Modo: MEDIO | Fit Médio: 26185.9 | Tx Vitória Campeão: 33.3% | Estagnação: 07 | Status: Estagnado
Ger: 0015 | Modo: MEDIO | Fit Médio: 24506.7 | Tx Vitória Campeão: 33.3% | Estagnação: 08 | Status: Estagnado
Ger: 0016 | Modo: MEDIO | Fit Médio: 42108.2 | Tx Vitória Campeão: 66.7% | Estagnação: 09 | Status: Estagnado
Ger: 0017 | Modo: MEDIO | Fit Médio: 43607.9 | Tx Vitória Campeão: 66.7% | Estagnação: 00 | Status: Novo Recorde de Adaptação
Ger: 0018 | Modo: MEDIO | Fit Médio: 42741.5 | Tx Vitória Campeão: 66.7% | Estagnação: 01 | Status: Estagnado
Ger: 0019 | Modo: MEDIO | Fit Médio: 41984.7 | Tx Vitória Campeão: 66.7% | Estagnação: 02 | Status: Estagnado
Ger: 0020 | Modo: MEDIO | Fit Médio: 43178.9 | Tx Vitória Campeão: 66.7% | Estagnação: 03 | Status: Estagnado
Ger: 0021 | Modo: MEDIO | Fit Médio: 43390.5 | Tx Vitória Campeão: 66.7% | Estagnação: 04 | Status: Estagnado
Ger: 0022 | Modo: MEDIO | Fit Médio: 24514.1 | Tx Vitória Campeão: 33.3% | Estagnação: 05 | Status: Estagnado
Ger: 0023 | Modo: MEDIO | Fit Médio: 24551.4 | Tx Vitória Campeão: 33.3% | Estagnação: 06 | Status: Estagnado
Ger: 0024 | Modo: MEDIO | Fit Médio: 25442.8 | Tx Vitória Campeão: 33.3% | Estagnação: 07 | Status: Estagnado
Ger: 0025 | Modo: MEDIO | Fit Médio: 42505.8 | Tx Vitória Campeão: 66.7% | Estagnação: 08 | Status: Estagnado
Ger: 0026 | Modo: MEDIO | Fit Médio: 24517.1 | Tx Vitória Campeão: 33.3% | Estagnação: 09 | Status: Estagnado
Ger: 0027 | Modo: MEDIO | Fit Médio: 43215.5 | Tx Vitória Campeão: 66.7% | Estagnação: 10 | Status: Estagnado
Ger: 0028 | Modo: MEDIO | Fit Médio: 43087.0 | Tx Vitória Campeão: 66.7% | Estagnação: 11 | Status: Estagnado
Ger: 0029 | Modo: MEDIO | Fit Médio: 42094.4 | Tx Vitória Campeão: 66.7% | Estagnação: 12 | Status: Estagnado
Ger: 0030 | Modo: MEDIO | Fit Médio: 43544.9 | Tx Vitória Campeão: 66.7% | Estagnação: 13 | Status: Estagnado
Ger: 0031 | Modo: MEDIO | Fit Médio: 44224.6 | Tx Vitória Campeão: 66.7% | Estagnação: 00 | Status: Novo Recorde de Adaptação
Ger: 0032 | Modo: MEDIO | Fit Médio: 24201.4 | Tx Vitória Campeão: 33.3% | Estagnação: 01 | Status: Estagnado
Ger: 0033 | Modo: MEDIO | Fit Médio: 43649.2 | Tx Vitória Campeão: 66.7% | Estagnação: 02 | Status: Estagnado
Ger: 0034 | Modo: MEDIO | Fit Médio: 42978.5 | Tx Vitória Campeão: 66.7% | Estagnação: 03 | Status: Estagnado
Ger: 0035 | Modo: MEDIO | Fit Médio: 43539.9 | Tx Vitória Campeão: 66.7% | Estagnação: 04 | Status: Estagnado
Ger: 0036 | Modo: MEDIO | Fit Médio: 43577.9 | Tx Vitória Campeão: 66.7% | Estagnação: 05 | Status: Estagnado
Ger: 0037 | Modo: MEDIO | Fit Médio: 24100.7 | Tx Vitória Campeão: 33.3% | Estagnação: 06 | Status: Estagnado
Ger: 0038 | Modo: MEDIO | Fit Médio: 23475.6 | Tx Vitória Campeão: 33.3% | Estagnação: 07 | Status: Estagnado
Ger: 0039 | Modo: MEDIO | Fit Médio: 25549.8 | Tx Vitória Campeão: 33.3% | Estagnação: 08 | Status: Estagnado
Ger: 0040 | Modo: MEDIO | Fit Médio: 43574.2 | Tx Vitória Campeão: 66.7% | Estagnação: 09 | Status: Estagnado
Ger: 0041 | Modo: MEDIO | Fit Médio: 42263.8 | Tx Vitória Campeão: 66.7% | Estagnação: 10 | Status: Estagnado
Ger: 0042 | Modo: MEDIO | Fit Médio: 43622.9 | Tx Vitória Campeão: 66.7% | Estagnação: 11 | Status: Estagnado
Ger: 0043 | Modo: MEDIO | Fit Médio: 42937.5 | Tx Vitória Campeão: 66.7% | Estagnação: 12 | Status: Estagnado
Ger: 0044 | Modo: MEDIO | Fit Médio: 43769.6 | Tx Vitória Campeão: 66.7% | Estagnação: 13 | Status: Estagnado
Ger: 0045 | Modo: MEDIO | Fit Médio: 43874.6 | Tx Vitória Campeão: 66.7% | Estagnação: 14 | Status: Estagnado
Ger: 0046 | Modo: MEDIO | Fit Médio: 24388.0 | Tx Vitória Campeão: 33.3% | Estagnação: 15 | Status: Estagnado
Ger: 0047 | Modo: MEDIO | Fit Médio: 42006.7 | Tx Vitória Campeão: 66.7% | Estagnação: 16 | Status: Estagnado
Ger: 0048 | Modo: MEDIO | Fit Médio: 43477.9 | Tx Vitória Campeão: 66.7% | Estagnação: 17 | Status: Estagnado
Ger: 0049 | Modo: MEDIO | Fit Médio: 61764.0 | Tx Vitória Campeão: 100.0% | Estagnação: 17 | Status: OBJETIVO DE GENERALIZAÇÃO ATINGIDO!
